time,dt,Fs_vertical_av,L2FsVertDiffusion,L2FsVertFluid,L2FsVertFrame,L1FsVertDiffusion,L1FsVertFluid,L1FsVertFrame,L0FsVertDiffusion,L0FsVertFluid,L0FsVertFrame,Fs_top,Fs_bottom,Fs_sponge,Fh_bottom,Fh_top,dUdt,dSdt,dTdt,chimneySpacing,chimneyWidth,horizontallyAveragedSalinity_0,horizontallyAveragedSalinity_20,horizontallyAveragedSalinity_40,horizontallyAveragedSalinity_60,averageLiquidSalinity,mushyLayerDepth,Nusselt,Fh_abs_mismatch,Fs_abs_mismatch,Fh_rel_mismatch,Fs_rel_mismatch
0.01,0.01,-4.763462795e-05,0,0.0001909374727,0,5.789175585e-306,0.000115166602,0,1.952313908e-304,0.0005631136811,0,0,0,nan,0,0,78.10279132,0.0257586407,0.01378560655,nan,nan,0.01000724882,0.0100022673,0.0100001648,0.009999026292,-nan,-1,1.000000136,-1.264556118e-09,4.841218032e-313,-0.5110541152,1
0.02,0.01,-1.501249386e-05,0,0.0002925649152,0,8.644826367e-306,0.0002115480377,0,2.394189528e-304,0.0007990917773,0,0,0,nan,0,0,23.45340585,0.01362391573,0.01650731127,nan,nan,0.01001060424,0.01000343733,0.01000026894,0.009998581562,-nan,-1,1.000000848,3.04267574e-09,-1.734723476e-18,0.2006681179,-8.824949963e+293
0.03,0.01,9.423577424e-07,0,0.0003568702294,0,1.051285714e-305,0.0002676677782,0,2.900444673e-304,0.0009048956632,0,0,0,nan,0,0,9.511236292,0.007803494656,0.0245543323,nan,nan,0.01001263217,0.01000410875,0.01000035156,0.009998343096,-nan,-1,1.000002524,4.63590847e-09,1.734723476e-18,0.1148879889,9.435264096e+291
0.04,0.01,8.970557186e-06,0,0.0003904706882,0,1.181157121e-305,0.0002957110168,0,3.288741086e-304,0.0009568729622,0,0,0,nan,0,0,4.25974321,0.004904814629,0.02602775255,nan,nan,0.01001404865,0.01000450165,0.01000041812,0.009998199655,-nan,-1,1.000005801,7.023301911e-09,-3.469446952e-18,0.09898657707,-6.753621533e+291
0.05,0.01,1.300179169e-05,0,0.0004073608049,0,1.280261e-305,0.000309757146,0,3.610054838e-304,0.0009836161603,0,0,0,nan,0,0,1.995485725,0.003460030557,0.02429884243,nan,nan,0.01001514475,0.01000475842,0.01000046929,0.009998095653,-nan,-1,1.000010475,9.198806961e-09,1.734723476e-18,0.09651394949,1.953063261e+291
